Archive member included to satisfy reference by file (symbol)

c:/gcc-arm-none-eabi-10-2020-q4-major/bin/../lib/gcc/arm-none-eabi/10.2.1/../../../../arm-none-eabi/lib/thumb/v7-m/nofp\libg.a(lib_a-errno.o)
                              CMakeFiles/source.elf.dir/Core/Src/syscalls.c.obj (__errno)
c:/gcc-arm-none-eabi-10-2020-q4-major/bin/../lib/gcc/arm-none-eabi/10.2.1/../../../../arm-none-eabi/lib/thumb/v7-m/nofp\libg.a(lib_a-exit.o)
                              c:/gcc-arm-none-eabi-10-2020-q4-major/bin/../lib/gcc/arm-none-eabi/10.2.1/../../../../arm-none-eabi/lib/thumb/v7-m/nofp/crt0.o (exit)
c:/gcc-arm-none-eabi-10-2020-q4-major/bin/../lib/gcc/arm-none-eabi/10.2.1/../../../../arm-none-eabi/lib/thumb/v7-m/nofp\libg.a(lib_a-impure.o)
                              c:/gcc-arm-none-eabi-10-2020-q4-major/bin/../lib/gcc/arm-none-eabi/10.2.1/../../../../arm-none-eabi/lib/thumb/v7-m/nofp\libg.a(lib_a-exit.o) (_global_impure_ptr)
c:/gcc-arm-none-eabi-10-2020-q4-major/bin/../lib/gcc/arm-none-eabi/10.2.1/../../../../arm-none-eabi/lib/thumb/v7-m/nofp\libg.a(lib_a-init.o)
                              c:/gcc-arm-none-eabi-10-2020-q4-major/bin/../lib/gcc/arm-none-eabi/10.2.1/../../../../arm-none-eabi/lib/thumb/v7-m/nofp/crt0.o (__libc_init_array)
c:/gcc-arm-none-eabi-10-2020-q4-major/bin/../lib/gcc/arm-none-eabi/10.2.1/../../../../arm-none-eabi/lib/thumb/v7-m/nofp\libg.a(lib_a-memset.o)
                              c:/gcc-arm-none-eabi-10-2020-q4-major/bin/../lib/gcc/arm-none-eabi/10.2.1/../../../../arm-none-eabi/lib/thumb/v7-m/nofp/crt0.o (memset)
c:/gcc-arm-none-eabi-10-2020-q4-major/bin/../lib/gcc/arm-none-eabi/10.2.1/../../../../arm-none-eabi/lib/thumb/v7-m/nofp\libg.a(lib_a-__call_atexit.o)
                              c:/gcc-arm-none-eabi-10-2020-q4-major/bin/../lib/gcc/arm-none-eabi/10.2.1/../../../../arm-none-eabi/lib/thumb/v7-m/nofp\libg.a(lib_a-exit.o) (__call_exitprocs)
c:/gcc-arm-none-eabi-10-2020-q4-major/bin/../lib/gcc/arm-none-eabi/10.2.1/../../../../arm-none-eabi/lib/thumb/v7-m/nofp\libg.a(lib_a-atexit.o)
                              c:/gcc-arm-none-eabi-10-2020-q4-major/bin/../lib/gcc/arm-none-eabi/10.2.1/../../../../arm-none-eabi/lib/thumb/v7-m/nofp\libg.a(lib_a-__call_atexit.o) (atexit)
c:/gcc-arm-none-eabi-10-2020-q4-major/bin/../lib/gcc/arm-none-eabi/10.2.1/../../../../arm-none-eabi/lib/thumb/v7-m/nofp\libg.a(lib_a-fini.o)
                              c:/gcc-arm-none-eabi-10-2020-q4-major/bin/../lib/gcc/arm-none-eabi/10.2.1/../../../../arm-none-eabi/lib/thumb/v7-m/nofp\libg.a(lib_a-__call_atexit.o) (__libc_fini_array)
c:/gcc-arm-none-eabi-10-2020-q4-major/bin/../lib/gcc/arm-none-eabi/10.2.1/../../../../arm-none-eabi/lib/thumb/v7-m/nofp\libg.a(lib_a-lock.o)
                              c:/gcc-arm-none-eabi-10-2020-q4-major/bin/../lib/gcc/arm-none-eabi/10.2.1/../../../../arm-none-eabi/lib/thumb/v7-m/nofp\libg.a(lib_a-__call_atexit.o) (__retarget_lock_acquire_recursive)
c:/gcc-arm-none-eabi-10-2020-q4-major/bin/../lib/gcc/arm-none-eabi/10.2.1/../../../../arm-none-eabi/lib/thumb/v7-m/nofp\libg.a(lib_a-__atexit.o)
                              c:/gcc-arm-none-eabi-10-2020-q4-major/bin/../lib/gcc/arm-none-eabi/10.2.1/../../../../arm-none-eabi/lib/thumb/v7-m/nofp\libg.a(lib_a-atexit.o) (__register_exitproc)

Discarded input sections

 .text          0x00000000        0x0 c:/gcc-arm-none-eabi-10-2020-q4-major/bin/../lib/gcc/arm-none-eabi/10.2.1/thumb/v7-m/nofp/crti.o
 .data          0x00000000        0x0 c:/gcc-arm-none-eabi-10-2020-q4-major/bin/../lib/gcc/arm-none-eabi/10.2.1/thumb/v7-m/nofp/crti.o
 .bss           0x00000000        0x0 c:/gcc-arm-none-eabi-10-2020-q4-major/bin/../lib/gcc/arm-none-eabi/10.2.1/thumb/v7-m/nofp/crti.o
 .data          0x00000000        0x4 c:/gcc-arm-none-eabi-10-2020-q4-major/bin/../lib/gcc/arm-none-eabi/10.2.1/thumb/v7-m/nofp/crtbegin.o
 .rodata        0x00000000       0x24 c:/gcc-arm-none-eabi-10-2020-q4-major/bin/../lib/gcc/arm-none-eabi/10.2.1/thumb/v7-m/nofp/crtbegin.o
 .text          0x00000000       0x7c c:/gcc-arm-none-eabi-10-2020-q4-major/bin/../lib/gcc/arm-none-eabi/10.2.1/../../../../arm-none-eabi/lib/thumb/v7-m/nofp/crt0.o
 .data          0x00000000        0x0 c:/gcc-arm-none-eabi-10-2020-q4-major/bin/../lib/gcc/arm-none-eabi/10.2.1/../../../../arm-none-eabi/lib/thumb/v7-m/nofp/crt0.o
 .bss           0x00000000        0x0 c:/gcc-arm-none-eabi-10-2020-q4-major/bin/../lib/gcc/arm-none-eabi/10.2.1/../../../../arm-none-eabi/lib/thumb/v7-m/nofp/crt0.o
 .ARM.extab     0x00000000        0x0 c:/gcc-arm-none-eabi-10-2020-q4-major/bin/../lib/gcc/arm-none-eabi/10.2.1/../../../../arm-none-eabi/lib/thumb/v7-m/nofp/crt0.o
 .ARM.exidx     0x00000000       0x10 c:/gcc-arm-none-eabi-10-2020-q4-major/bin/../lib/gcc/arm-none-eabi/10.2.1/../../../../arm-none-eabi/lib/thumb/v7-m/nofp/crt0.o
 .ARM.attributes
                0x00000000       0x1b c:/gcc-arm-none-eabi-10-2020-q4-major/bin/../lib/gcc/arm-none-eabi/10.2.1/../../../../arm-none-eabi/lib/thumb/v7-m/nofp/crt0.o
[...]
Memory Configuration

Name             Origin             Length             Attributes
RAM              0x20000000         0x00005000         xrw
FLASH            0x08000000         0x00010000         xr
*default*        0x00000000         0xffffffff

Linker script and memory map

LOAD c:/gcc-arm-none-eabi-10-2020-q4-major/bin/../lib/gcc/arm-none-eabi/10.2.1/thumb/v7-m/nofp/crti.o
LOAD c:/gcc-arm-none-eabi-10-2020-q4-major/bin/../lib/gcc/arm-none-eabi/10.2.1/thumb/v7-m/nofp/crtbegin.o
LOAD c:/gcc-arm-none-eabi-10-2020-q4-major/bin/../lib/gcc/arm-none-eabi/10.2.1/../../../../arm-none-eabi/lib/thumb/v7-m/nofp/crt0.o
LOAD CMakeFiles/source.elf.dir/Core/Src/adc.c.obj
LOAD CMakeFiles/source.elf.dir/Core/Src/gpio.c.obj
LOAD CMakeFiles/source.elf.dir/Core/Src/main.c.obj
LOAD CMakeFiles/source.elf.dir/Core/Src/stm32f1xx_hal_msp.c.obj
LOAD CMakeFiles/source.elf.dir/Core/Src/stm32f1xx_it.c.obj
LOAD CMakeFiles/source.elf.dir/Core/Src/syscalls.c.obj
LOAD CMakeFiles/source.elf.dir/Core/Src/sysmem.c.obj
LOAD CMakeFiles/source.elf.dir/Core/Src/system_stm32f1xx.c.obj
LOAD CMakeFiles/source.elf.dir/Core/Src/tim.c.obj
LOAD CMakeFiles/source.elf.dir/Core/Startup/startup_stm32f103c8tx.s.obj
LOAD CMakeFiles/source.elf.dir/Drivers/STM32F1xx_HAL_Driver/Src/stm32f1xx_hal.c.obj
LOAD CMakeFiles/source.elf.dir/Drivers/STM32F1xx_HAL_Driver/Src/stm32f1xx_hal_adc.c.obj
LOAD CMakeFiles/source.elf.dir/Drivers/STM32F1xx_HAL_Driver/Src/stm32f1xx_hal_adc_ex.c.obj
LOAD CMakeFiles/source.elf.dir/Drivers/STM32F1xx_HAL_Driver/Src/stm32f1xx_hal_cortex.c.obj
LOAD CMakeFiles/source.elf.dir/Drivers/STM32F1xx_HAL_Driver/Src/stm32f1xx_hal_dma.c.obj
LOAD CMakeFiles/source.elf.dir/Drivers/STM32F1xx_HAL_Driver/Src/stm32f1xx_hal_exti.c.obj
LOAD CMakeFiles/source.elf.dir/Drivers/STM32F1xx_HAL_Driver/Src/stm32f1xx_hal_flash.c.obj
LOAD CMakeFiles/source.elf.dir/Drivers/STM32F1xx_HAL_Driver/Src/stm32f1xx_hal_flash_ex.c.obj
LOAD CMakeFiles/source.elf.dir/Drivers/STM32F1xx_HAL_Driver/Src/stm32f1xx_hal_gpio.c.obj
LOAD CMakeFiles/source.elf.dir/Drivers/STM32F1xx_HAL_Driver/Src/stm32f1xx_hal_gpio_ex.c.obj
LOAD CMakeFiles/source.elf.dir/Drivers/STM32F1xx_HAL_Driver/Src/stm32f1xx_hal_pwr.c.obj
LOAD CMakeFiles/source.elf.dir/Drivers/STM32F1xx_HAL_Driver/Src/stm32f1xx_hal_rcc.c.obj
LOAD CMakeFiles/source.elf.dir/Drivers/STM32F1xx_HAL_Driver/Src/stm32f1xx_hal_rcc_ex.c.obj
LOAD CMakeFiles/source.elf.dir/Drivers/STM32F1xx_HAL_Driver/Src/stm32f1xx_hal_tim.c.obj
LOAD CMakeFiles/source.elf.dir/Drivers/STM32F1xx_HAL_Driver/Src/stm32f1xx_hal_tim_ex.c.obj
START GROUP
LOAD c:/gcc-arm-none-eabi-10-2020-q4-major/bin/../lib/gcc/arm-none-eabi/10.2.1/thumb/v7-m/nofp\libgcc.a
LOAD c:/gcc-arm-none-eabi-10-2020-q4-major/bin/../lib/gcc/arm-none-eabi/10.2.1/../../../../arm-none-eabi/lib/thumb/v7-m/nofp\libg.a
LOAD c:/gcc-arm-none-eabi-10-2020-q4-major/bin/../lib/gcc/arm-none-eabi/10.2.1/../../../../arm-none-eabi/lib/thumb/v7-m/nofp\libc.a
END GROUP
LOAD c:/gcc-arm-none-eabi-10-2020-q4-major/bin/../lib/gcc/arm-none-eabi/10.2.1/thumb/v7-m/nofp/crtend.o
LOAD c:/gcc-arm-none-eabi-10-2020-q4-major/bin/../lib/gcc/arm-none-eabi/10.2.1/thumb/v7-m/nofp/crtn.o
                0x20005000                _estack = (ORIGIN (RAM) + LENGTH (RAM))
                0x00000200                _Min_Heap_Size = 0x200
                0x00000400                _Min_Stack_Size = 0x400

.isr_vector     0x08000000      0x10c
                0x08000000                . = ALIGN (0x4)
 *(.isr_vector)
 .isr_vector    0x08000000      0x10c CMakeFiles/source.elf.dir/Core/Startup/startup_stm32f103c8tx.s.obj
                0x08000000                g_pfnVectors
                0x0800010c                . = ALIGN (0x4)

.text           0x0800010c     0x20cc
                0x0800010c                . = ALIGN (0x4)
 *(.text)
 .text          0x0800010c       0x40 c:/gcc-arm-none-eabi-10-2020-q4-major/bin/../lib/gcc/arm-none-eabi/10.2.1/thumb/v7-m/nofp/crtbegin.o
 *(.text*)
 .text.MX_ADC1_Init
                0x0800014c       0x58 CMakeFiles/source.elf.dir/Core/Src/adc.c.obj
                0x0800014c                MX_ADC1_Init
 .text.HAL_ADC_MspInit
                0x080001a4       0x60 CMakeFiles/source.elf.dir/Core/Src/adc.c.obj
                0x080001a4                HAL_ADC_MspInit
 .text.MX_GPIO_Init
                0x08000204       0x8c CMakeFiles/source.elf.dir/Core/Src/gpio.c.obj
                0x08000204                MX_GPIO_Init
 .text.HAL_TIM_PeriodElapsedCallback
                0x08000290        0x2 CMakeFiles/source.elf.dir/Core/Src/main.c.obj
                0x08000290                HAL_TIM_PeriodElapsedCallback
 .text.Error_Handler
                0x08000292        0x4 CMakeFiles/source.elf.dir/Core/Src/main.c.obj
                0x08000292                Error_Handler
 .text.SystemClock_Config
                0x08000296       0x84 CMakeFiles/source.elf.dir/Core/Src/main.c.obj
                0x08000296                SystemClock_Config
 *fill*         0x0800031a        0x2 
 .text.main     0x0800031c       0x7c CMakeFiles/source.elf.dir/Core/Src/main.c.obj
                0x0800031c                main
 .text.HAL_MspInit
                0x08000398       0x44 CMakeFiles/source.elf.dir/Core/Src/stm32f1xx_hal_msp.c.obj
                0x08000398                HAL_MspInit
 .text.NMI_Handler
                0x080003dc        0x2 CMakeFiles/source.elf.dir/Core/Src/stm32f1xx_it.c.obj
                0x080003dc                NMI_Handler
 .text.HardFault_Handler
                0x080003de        0x2 CMakeFiles/source.elf.dir/Core/Src/stm32f1xx_it.c.obj
                0x080003de                HardFault_Handler
 .text.MemManage_Handler
                0x080003e0        0x2 CMakeFiles/source.elf.dir/Core/Src/stm32f1xx_it.c.obj
                0x080003e0                MemManage_Handler
 .text.BusFault_Handler
                0x080003e2        0x2 CMakeFiles/source.elf.dir/Core/Src/stm32f1xx_it.c.obj
                0x080003e2                BusFault_Handler
 .text.UsageFault_Handler
                0x080003e4        0x2 CMakeFiles/source.elf.dir/Core/Src/stm32f1xx_it.c.obj
                0x080003e4                UsageFault_Handler
 .text.SVC_Handler
                0x080003e6        0x2 CMakeFiles/source.elf.dir/Core/Src/stm32f1xx_it.c.obj
                0x080003e6                SVC_Handler
 .text.DebugMon_Handler
                0x080003e8        0x2 CMakeFiles/source.elf.dir/Core/Src/stm32f1xx_it.c.obj
                0x080003e8                DebugMon_Handler
 .text.PendSV_Handler
                0x080003ea        0x2 CMakeFiles/source.elf.dir/Core/Src/stm32f1xx_it.c.obj
                0x080003ea                PendSV_Handler
 .text.SysTick_Handler
                0x080003ec        0x8 CMakeFiles/source.elf.dir/Core/Src/stm32f1xx_it.c.obj
                0x080003ec                SysTick_Handler
 .text.TIM1_UP_IRQHandler
                0x080003f4       0x10 CMakeFiles/source.elf.dir/Core/Src/stm32f1xx_it.c.obj
                0x080003f4                TIM1_UP_IRQHandler
 .text.TIM1_CC_IRQHandler
                0x08000404       0x10 CMakeFiles/source.elf.dir/Core/Src/stm32f1xx_it.c.obj
                0x08000404                TIM1_CC_IRQHandler
 .text.SystemInit
                0x08000414        0x2 CMakeFiles/source.elf.dir/Core/Src/system_stm32f1xx.c.obj
                0x08000414                SystemInit
 *fill*         0x08000416        0x2 
 .text.HAL_TIM_Base_MspInit
                0x08000418       0x50 CMakeFiles/source.elf.dir/Core/Src/tim.c.obj
                0x08000418                HAL_TIM_Base_MspInit
 .text.HAL_TIM_MspPostInit
                0x08000468       0x50 CMakeFiles/source.elf.dir/Core/Src/tim.c.obj
                0x08000468                HAL_TIM_MspPostInit
 .text.MX_TIM1_Init
                0x080004b8      0x104 CMakeFiles/source.elf.dir/Core/Src/tim.c.obj
                0x080004b8                MX_TIM1_Init
 .text.Reset_Handler
                0x080005bc       0x48 CMakeFiles/source.elf.dir/Core/Startup/startup_stm32f103c8tx.s.obj
                0x080005bc                Reset_Handler
 .text.Default_Handler
                0x08000604        0x2 CMakeFiles/source.elf.dir/Core/Startup/startup_stm32f103c8tx.s.obj
                0x08000604                RTC_Alarm_IRQHandler
                0x08000604                EXTI2_IRQHandler
                0x08000604                PVD_IRQHandler
                0x08000604                EXTI3_IRQHandler
                0x08000604                EXTI0_IRQHandler
                0x08000604                I2C2_EV_IRQHandler
                0x08000604                ADC1_2_IRQHandler
                0x08000604                SPI1_IRQHandler
                0x08000604                TAMPER_IRQHandler
                0x08000604                DMA1_Channel4_IRQHandler
                0x08000604                USART3_IRQHandler
                0x08000604                RTC_IRQHandler
                0x08000604                DMA1_Channel7_IRQHandler
                0x08000604                CAN1_RX1_IRQHandler
                0x08000604                TIM4_IRQHandler
                0x08000604                I2C1_EV_IRQHandler
                0x08000604                DMA1_Channel6_IRQHandler
                0x08000604                TIM3_IRQHandler
                0x08000604                RCC_IRQHandler
                0x08000604                TIM1_TRG_COM_IRQHandler
                0x08000604                DMA1_Channel1_IRQHandler
                0x08000604                Default_Handler
                0x08000604                EXTI15_10_IRQHandler
                0x08000604                EXTI9_5_IRQHandler
                0x08000604                SPI2_IRQHandler
                0x08000604                DMA1_Channel5_IRQHandler
                0x08000604                EXTI4_IRQHandler
                0x08000604                USB_LP_CAN1_RX0_IRQHandler
                0x08000604                USB_HP_CAN1_TX_IRQHandler
                0x08000604                DMA1_Channel3_IRQHandler
                0x08000604                WWDG_IRQHandler
                0x08000604                TIM2_IRQHandler
                0x08000604                TIM1_BRK_IRQHandler
                0x08000604                EXTI1_IRQHandler
                0x08000604                USART2_IRQHandler
                0x08000604                I2C2_ER_IRQHandler
                0x08000604                DMA1_Channel2_IRQHandler
                0x08000604                CAN1_SCE_IRQHandler
                0x08000604                FLASH_IRQHandler
                0x08000604                USART1_IRQHandler
                0x08000604                I2C1_ER_IRQHandler
                0x08000604                USBWakeUp_IRQHandler
 *fill*         0x08000606        0x2 
 .text.HAL_InitTick
                0x08000608       0x4c CMakeFiles/source.elf.dir/Drivers/STM32F1xx_HAL_Driver/Src/stm32f1xx_hal.c.obj
                0x08000608                HAL_InitTick
 .text.HAL_Init
                0x08000654       0x24 CMakeFiles/source.elf.dir/Drivers/STM32F1xx_HAL_Driver/Src/stm32f1xx_hal.c.obj
                0x08000654                HAL_Init
 .text.HAL_IncTick
                0x08000678       0x18 CMakeFiles/source.elf.dir/Drivers/STM32F1xx_HAL_Driver/Src/stm32f1xx_hal.c.obj
                0x08000678                HAL_IncTick
 .text.HAL_GetTick
                0x08000690        0xc CMakeFiles/source.elf.dir/Drivers/STM32F1xx_HAL_Driver/Src/stm32f1xx_hal.c.obj
                0x08000690                HAL_GetTick
 .text.HAL_ADC_PollForConversion
                0x0800069c      0x184 CMakeFiles/source.elf.dir/Drivers/STM32F1xx_HAL_Driver/Src/stm32f1xx_hal_adc.c.obj
                0x0800069c                HAL_ADC_PollForConversion
 .text.HAL_ADC_GetValue
                0x08000820        0x6 CMakeFiles/source.elf.dir/Drivers/STM32F1xx_HAL_Driver/Src/stm32f1xx_hal_adc.c.obj
                0x08000820                HAL_ADC_GetValue
 *fill*         0x08000826        0x2 
 .text.HAL_ADC_ConfigChannel
                0x08000828      0x144 CMakeFiles/source.elf.dir/Drivers/STM32F1xx_HAL_Driver/Src/stm32f1xx_hal_adc.c.obj
                0x08000828                HAL_ADC_ConfigChannel
 .text.ADC_Enable
                0x0800096c       0x88 CMakeFiles/source.elf.dir/Drivers/STM32F1xx_HAL_Driver/Src/stm32f1xx_hal_adc.c.obj
                0x0800096c                ADC_Enable
 .text.HAL_ADC_Start
                0x080009f4       0xe8 CMakeFiles/source.elf.dir/Drivers/STM32F1xx_HAL_Driver/Src/stm32f1xx_hal_adc.c.obj
                0x080009f4                HAL_ADC_Start
 .text.ADC_ConversionStop_Disable
                0x08000adc       0x56 CMakeFiles/source.elf.dir/Drivers/STM32F1xx_HAL_Driver/Src/stm32f1xx_hal_adc.c.obj
                0x08000adc                ADC_ConversionStop_Disable
 *fill*         0x08000b32        0x2 
 .text.HAL_ADC_Init
                0x08000b34      0x108 CMakeFiles/source.elf.dir/Drivers/STM32F1xx_HAL_Driver/Src/stm32f1xx_hal_adc.c.obj
                0x08000b34                HAL_ADC_Init
 .text.HAL_NVIC_SetPriorityGrouping
                0x08000c3c       0x24 CMakeFiles/source.elf.dir/Drivers/STM32F1xx_HAL_Driver/Src/stm32f1xx_hal_cortex.c.obj
                0x08000c3c                HAL_NVIC_SetPriorityGrouping
 .text.HAL_NVIC_SetPriority
                0x08000c60       0x70 CMakeFiles/source.elf.dir/Drivers/STM32F1xx_HAL_Driver/Src/stm32f1xx_hal_cortex.c.obj
                0x08000c60                HAL_NVIC_SetPriority
 .text.HAL_NVIC_EnableIRQ
                0x08000cd0       0x1c CMakeFiles/source.elf.dir/Drivers/STM32F1xx_HAL_Driver/Src/stm32f1xx_hal_cortex.c.obj
                0x08000cd0                HAL_NVIC_EnableIRQ
 .text.HAL_SYSTICK_Config
                0x08000cec       0x28 CMakeFiles/source.elf.dir/Drivers/STM32F1xx_HAL_Driver/Src/stm32f1xx_hal_cortex.c.obj
                0x08000cec                HAL_SYSTICK_Config
 .text.HAL_GPIO_Init
                0x08000d14      0x224 CMakeFiles/source.elf.dir/Drivers/STM32F1xx_HAL_Driver/Src/stm32f1xx_hal_gpio.c.obj
                0x08000d14                HAL_GPIO_Init
 .text.HAL_GPIO_ReadPin
                0x08000f38        0xe CMakeFiles/source.elf.dir/Drivers/STM32F1xx_HAL_Driver/Src/stm32f1xx_hal_gpio.c.obj
                0x08000f38                HAL_GPIO_ReadPin
 .text.HAL_GPIO_WritePin
                0x08000f46        0xc CMakeFiles/source.elf.dir/Drivers/STM32F1xx_HAL_Driver/Src/stm32f1xx_hal_gpio.c.obj
                0x08000f46                HAL_GPIO_WritePin
 *fill*         0x08000f52        0x2 
 .text.RCC_Delay
                0x08000f54       0x2c CMakeFiles/source.elf.dir/Drivers/STM32F1xx_HAL_Driver/Src/stm32f1xx_hal_rcc.c.obj
 .text.HAL_RCC_OscConfig
                0x08000f80      0x410 CMakeFiles/source.elf.dir/Drivers/STM32F1xx_HAL_Driver/Src/stm32f1xx_hal_rcc.c.obj
                0x08000f80                HAL_RCC_OscConfig
 .text.HAL_RCC_GetSysClockFreq
                0x08001390       0x54 CMakeFiles/source.elf.dir/Drivers/STM32F1xx_HAL_Driver/Src/stm32f1xx_hal_rcc.c.obj
                0x08001390                HAL_RCC_GetSysClockFreq
 .text.HAL_RCC_ClockConfig
                0x080013e4      0x16c CMakeFiles/source.elf.dir/Drivers/STM32F1xx_HAL_Driver/Src/stm32f1xx_hal_rcc.c.obj
                0x080013e4                HAL_RCC_ClockConfig
 .text.HAL_RCC_GetHCLKFreq
                0x08001550        0xc CMakeFiles/source.elf.dir/Drivers/STM32F1xx_HAL_Driver/Src/stm32f1xx_hal_rcc.c.obj
                0x08001550                HAL_RCC_GetHCLKFreq
 .text.HAL_RCC_GetPCLK2Freq
                0x0800155c       0x20 CMakeFiles/source.elf.dir/Drivers/STM32F1xx_HAL_Driver/Src/stm32f1xx_hal_rcc.c.obj
                0x0800155c                HAL_RCC_GetPCLK2Freq
 .text.HAL_RCCEx_PeriphCLKConfig
                0x0800157c      0x118 CMakeFiles/source.elf.dir/Drivers/STM32F1xx_HAL_Driver/Src/stm32f1xx_hal_rcc_ex.c.obj
                0x0800157c                HAL_RCCEx_PeriphCLKConfig
 .text.HAL_RCCEx_GetPeriphCLKFreq
                0x08001694       0xd8 CMakeFiles/source.elf.dir/Drivers/STM32F1xx_HAL_Driver/Src/stm32f1xx_hal_rcc_ex.c.obj
                0x08001694                HAL_RCCEx_GetPeriphCLKFreq
 .text.TIM_OC1_SetConfig
                0x0800176c       0x5c CMakeFiles/source.elf.dir/Drivers/STM32F1xx_HAL_Driver/Src/stm32f1xx_hal_tim.c.obj
 .text.TIM_OC3_SetConfig
                0x080017c8       0x64 CMakeFiles/source.elf.dir/Drivers/STM32F1xx_HAL_Driver/Src/stm32f1xx_hal_tim.c.obj
 .text.TIM_OC4_SetConfig
                0x0800182c       0x48 CMakeFiles/source.elf.dir/Drivers/STM32F1xx_HAL_Driver/Src/stm32f1xx_hal_tim.c.obj
 .text.TIM_TI1_ConfigInputStage
                0x08001874       0x24 CMakeFiles/source.elf.dir/Drivers/STM32F1xx_HAL_Driver/Src/stm32f1xx_hal_tim.c.obj
 .text.TIM_TI2_ConfigInputStage
                0x08001898       0x26 CMakeFiles/source.elf.dir/Drivers/STM32F1xx_HAL_Driver/Src/stm32f1xx_hal_tim.c.obj
 .text.TIM_ITRx_SetConfig
                0x080018be       0x10 CMakeFiles/source.elf.dir/Drivers/STM32F1xx_HAL_Driver/Src/stm32f1xx_hal_tim.c.obj
 *fill*         0x080018ce        0x2 
 .text.HAL_TIM_Base_Start_IT
                0x080018d0       0x68 CMakeFiles/source.elf.dir/Drivers/STM32F1xx_HAL_Driver/Src/stm32f1xx_hal_tim.c.obj
                0x080018d0                HAL_TIM_Base_Start_IT
 .text.HAL_TIM_PWM_MspInit
                0x08001938        0x2 CMakeFiles/source.elf.dir/Drivers/STM32F1xx_HAL_Driver/Src/stm32f1xx_hal_tim.c.obj
                0x08001938                HAL_TIM_PWM_MspInit
 .text.HAL_TIM_OC_DelayElapsedCallback
                0x0800193a        0x2 CMakeFiles/source.elf.dir/Drivers/STM32F1xx_HAL_Driver/Src/stm32f1xx_hal_tim.c.obj
                0x0800193a                HAL_TIM_OC_DelayElapsedCallback
 .text.HAL_TIM_IC_CaptureCallback
                0x0800193c        0x2 CMakeFiles/source.elf.dir/Drivers/STM32F1xx_HAL_Driver/Src/stm32f1xx_hal_tim.c.obj
                0x0800193c                HAL_TIM_IC_CaptureCallback
 .text.HAL_TIM_PWM_PulseFinishedCallback
                0x0800193e        0x2 CMakeFiles/source.elf.dir/Drivers/STM32F1xx_HAL_Driver/Src/stm32f1xx_hal_tim.c.obj
                0x0800193e                HAL_TIM_PWM_PulseFinishedCallback
 .text.HAL_TIM_TriggerCallback
                0x08001940        0x2 CMakeFiles/source.elf.dir/Drivers/STM32F1xx_HAL_Driver/Src/stm32f1xx_hal_tim.c.obj
                0x08001940                HAL_TIM_TriggerCallback
 .text.HAL_TIM_IRQHandler
                0x08001942      0x17a CMakeFiles/source.elf.dir/Drivers/STM32F1xx_HAL_Driver/Src/stm32f1xx_hal_tim.c.obj
                0x08001942                HAL_TIM_IRQHandler
 .text.TIM_Base_SetConfig
                0x08001abc       0x74 CMakeFiles/source.elf.dir/Drivers/STM32F1xx_HAL_Driver/Src/stm32f1xx_hal_tim.c.obj
                0x08001abc                TIM_Base_SetConfig
 .text.HAL_TIM_Base_Init
                0x08001b30       0x58 CMakeFiles/source.elf.dir/Drivers/STM32F1xx_HAL_Driver/Src/stm32f1xx_hal_tim.c.obj
                0x08001b30                HAL_TIM_Base_Init
 .text.HAL_TIM_PWM_Init
                0x08001b88       0x58 CMakeFiles/source.elf.dir/Drivers/STM32F1xx_HAL_Driver/Src/stm32f1xx_hal_tim.c.obj
                0x08001b88                HAL_TIM_PWM_Init
 .text.TIM_OC2_SetConfig
                0x08001be0       0x64 CMakeFiles/source.elf.dir/Drivers/STM32F1xx_HAL_Driver/Src/stm32f1xx_hal_tim.c.obj
                0x08001be0                TIM_OC2_SetConfig
 .text.HAL_TIM_PWM_ConfigChannel
                0x08001c44       0xdc CMakeFiles/source.elf.dir/Drivers/STM32F1xx_HAL_Driver/Src/stm32f1xx_hal_tim.c.obj
                0x08001c44                HAL_TIM_PWM_ConfigChannel
 .text.TIM_ETR_SetConfig
                0x08001d20       0x18 CMakeFiles/source.elf.dir/Drivers/STM32F1xx_HAL_Driver/Src/stm32f1xx_hal_tim.c.obj
                0x08001d20                TIM_ETR_SetConfig
 .text.HAL_TIM_ConfigClockSource
                0x08001d38       0xfe CMakeFiles/source.elf.dir/Drivers/STM32F1xx_HAL_Driver/Src/stm32f1xx_hal_tim.c.obj
                0x08001d38                HAL_TIM_ConfigClockSource
 .text.TIM_CCxChannelCmd
                0x08001e36       0x1e CMakeFiles/source.elf.dir/Drivers/STM32F1xx_HAL_Driver/Src/stm32f1xx_hal_tim.c.obj
                0x08001e36                TIM_CCxChannelCmd
 .text.HAL_TIM_PWM_Start
                0x08001e54       0xdc CMakeFiles/source.elf.dir/Drivers/STM32F1xx_HAL_Driver/Src/stm32f1xx_hal_tim.c.obj
                0x08001e54                HAL_TIM_PWM_Start
 .text.HAL_TIMEx_MasterConfigSynchronization
                0x08001f30       0x6c CMakeFiles/source.elf.dir/Drivers/STM32F1xx_HAL_Driver/Src/stm32f1xx_hal_tim_ex.c.obj
                0x08001f30                HAL_TIMEx_MasterConfigSynchronization
 .text.HAL_TIMEx_ConfigBreakDeadTime
                0x08001f9c       0x52 CMakeFiles/source.elf.dir/Drivers/STM32F1xx_HAL_Driver/Src/stm32f1xx_hal_tim_ex.c.obj
                0x08001f9c                HAL_TIMEx_ConfigBreakDeadTime
 .text.HAL_TIMEx_CommutCallback
                0x08001fee        0x2 CMakeFiles/source.elf.dir/Drivers/STM32F1xx_HAL_Driver/Src/stm32f1xx_hal_tim_ex.c.obj
                0x08001fee                HAL_TIMEx_CommutCallback
 .text.HAL_TIMEx_BreakCallback
                0x08001ff0        0x2 CMakeFiles/source.elf.dir/Drivers/STM32F1xx_HAL_Driver/Src/stm32f1xx_hal_tim_ex.c.obj
                0x08001ff0                HAL_TIMEx_BreakCallback
 *fill*         0x08001ff2        0x2 
 .text.__libc_init_array
                0x08001ff4       0x48 c:/gcc-arm-none-eabi-10-2020-q4-major/bin/../lib/gcc/arm-none-eabi/10.2.1/../../../../arm-none-eabi/lib/thumb/v7-m/nofp\libg.a(lib_a-init.o)
                0x08001ff4                __libc_init_array
 .text.memset   0x0800203c       0xa4 c:/gcc-arm-none-eabi-10-2020-q4-major/bin/../lib/gcc/arm-none-eabi/10.2.1/../../../../arm-none-eabi/lib/thumb/v7-m/nofp\libg.a(lib_a-memset.o)
                0x0800203c                memset
 .text.startup.register_fini
                0x080020e0       0x14 c:/gcc-arm-none-eabi-10-2020-q4-major/bin/../lib/gcc/arm-none-eabi/10.2.1/../../../../arm-none-eabi/lib/thumb/v7-m/nofp\libg.a(lib_a-__call_atexit.o)
 .text.atexit   0x080020f4        0xc c:/gcc-arm-none-eabi-10-2020-q4-major/bin/../lib/gcc/arm-none-eabi/10.2.1/../../../../arm-none-eabi/lib/thumb/v7-m/nofp\libg.a(lib_a-atexit.o)
                0x080020f4                atexit
 .text.__libc_fini_array
                0x08002100       0x2c c:/gcc-arm-none-eabi-10-2020-q4-major/bin/../lib/gcc/arm-none-eabi/10.2.1/../../../../arm-none-eabi/lib/thumb/v7-m/nofp\libg.a(lib_a-fini.o)
                0x08002100                __libc_fini_array
 .text.__retarget_lock_acquire_recursive
                0x0800212c        0x4 c:/gcc-arm-none-eabi-10-2020-q4-major/bin/../lib/gcc/arm-none-eabi/10.2.1/../../../../arm-none-eabi/lib/thumb/v7-m/nofp\libg.a(lib_a-lock.o)
                0x0800212c                __retarget_lock_acquire_recursive
 .text.__retarget_lock_release_recursive
                0x08002130        0x4 c:/gcc-arm-none-eabi-10-2020-q4-major/bin/../lib/gcc/arm-none-eabi/10.2.1/../../../../arm-none-eabi/lib/thumb/v7-m/nofp\libg.a(lib_a-lock.o)
                0x08002130                __retarget_lock_release_recursive
 .text.__register_exitproc
                0x08002134       0x8c c:/gcc-arm-none-eabi-10-2020-q4-major/bin/../lib/gcc/arm-none-eabi/10.2.1/../../../../arm-none-eabi/lib/thumb/v7-m/nofp\libg.a(lib_a-__atexit.o)
                0x08002134                __register_exitproc
 *(.glue_7)
 .glue_7        0x080021c0        0x0 linker stubs
 *(.glue_7t)
 .glue_7t       0x080021c0        0x0 linker stubs
 *(.eh_frame)
 .eh_frame      0x080021c0        0x0 c:/gcc-arm-none-eabi-10-2020-q4-major/bin/../lib/gcc/arm-none-eabi/10.2.1/thumb/v7-m/nofp/crtbegin.o
 *(.init)
 .init          0x080021c0        0x4 c:/gcc-arm-none-eabi-10-2020-q4-major/bin/../lib/gcc/arm-none-eabi/10.2.1/thumb/v7-m/nofp/crti.o
                0x080021c0                _init
 .init          0x080021c4        0x8 c:/gcc-arm-none-eabi-10-2020-q4-major/bin/../lib/gcc/arm-none-eabi/10.2.1/thumb/v7-m/nofp/crtn.o
 *(.fini)
 .fini          0x080021cc        0x4 c:/gcc-arm-none-eabi-10-2020-q4-major/bin/../lib/gcc/arm-none-eabi/10.2.1/thumb/v7-m/nofp/crti.o
                0x080021cc                _fini
 .fini          0x080021d0        0x8 c:/gcc-arm-none-eabi-10-2020-q4-major/bin/../lib/gcc/arm-none-eabi/10.2.1/thumb/v7-m/nofp/crtn.o
                0x080021d8                . = ALIGN (0x4)
                0x080021d8                _etext = .

.vfp11_veneer   0x080021d8        0x0
 .vfp11_veneer  0x080021d8        0x0 linker stubs

.v4_bx          0x080021d8        0x0
 .v4_bx         0x080021d8        0x0 linker stubs

.iplt           0x080021d8        0x0
 .iplt          0x080021d8        0x0 c:/gcc-arm-none-eabi-10-2020-q4-major/bin/../lib/gcc/arm-none-eabi/10.2.1/thumb/v7-m/nofp/crtbegin.o

.rodata         0x080021d8       0x44
                0x080021d8                . = ALIGN (0x4)
 *(.rodata)
 *(.rodata*)
 .rodata.AHBPrescTable
                0x080021d8       0x10 CMakeFiles/source.elf.dir/Core/Src/system_stm32f1xx.c.obj
                0x080021d8                AHBPrescTable
 .rodata.APBPrescTable
                0x080021e8        0x8 CMakeFiles/source.elf.dir/Core/Src/system_stm32f1xx.c.obj
                0x080021e8                APBPrescTable
 .rodata.aPLLMULFactorTable.1
                0x080021f0       0x10 CMakeFiles/source.elf.dir/Drivers/STM32F1xx_HAL_Driver/Src/stm32f1xx_hal_rcc.c.obj
 .rodata.aPredivFactorTable.0
                0x08002200        0x2 CMakeFiles/source.elf.dir/Drivers/STM32F1xx_HAL_Driver/Src/stm32f1xx_hal_rcc.c.obj
 *fill*         0x08002202        0x2 
 .rodata.aPLLMULFactorTable.1
                0x08002204       0x10 CMakeFiles/source.elf.dir/Drivers/STM32F1xx_HAL_Driver/Src/stm32f1xx_hal_rcc_ex.c.obj
 .rodata.aPredivFactorTable.0
                0x08002214        0x2 CMakeFiles/source.elf.dir/Drivers/STM32F1xx_HAL_Driver/Src/stm32f1xx_hal_rcc_ex.c.obj
 *fill*         0x08002216        0x2 
 .rodata._global_impure_ptr
                0x08002218        0x4 c:/gcc-arm-none-eabi-10-2020-q4-major/bin/../lib/gcc/arm-none-eabi/10.2.1/../../../../arm-none-eabi/lib/thumb/v7-m/nofp\libg.a(lib_a-impure.o)
                0x08002218                _global_impure_ptr
                0x0800221c                . = ALIGN (0x4)

.rel.dyn        0x0800221c        0x0
 .rel.iplt      0x0800221c        0x0 c:/gcc-arm-none-eabi-10-2020-q4-major/bin/../lib/gcc/arm-none-eabi/10.2.1/thumb/v7-m/nofp/crtbegin.o

.ARM.extab      0x0800221c        0x0
                0x0800221c                . = ALIGN (0x4)
 *(.ARM.extab* .gnu.linkonce.armextab.*)
                0x0800221c                . = ALIGN (0x4)

.ARM            0x0800221c        0x0
                0x0800221c                . = ALIGN (0x4)
                0x0800221c                __exidx_start = .
 *(.ARM.exidx*)
                0x0800221c                __exidx_end = .
                0x0800221c                . = ALIGN (0x4)

.preinit_array  0x0800221c        0x0
                0x0800221c                . = ALIGN (0x4)
                0x0800221c                PROVIDE (__preinit_array_start = .)
 *(.preinit_array*)
                0x0800221c                PROVIDE (__preinit_array_end = .)
                0x0800221c                . = ALIGN (0x4)

.init_array     0x0800221c        0x8
                0x0800221c                . = ALIGN (0x4)
                0x0800221c                PROVIDE (__init_array_start = .)
 *(SORT_BY_NAME(.init_array.*))
 .init_array.00000
                0x0800221c        0x4 c:/gcc-arm-none-eabi-10-2020-q4-major/bin/../lib/gcc/arm-none-eabi/10.2.1/../../../../arm-none-eabi/lib/thumb/v7-m/nofp\libg.a(lib_a-__call_atexit.o)
 *(.init_array*)
 .init_array    0x08002220        0x4 c:/gcc-arm-none-eabi-10-2020-q4-major/bin/../lib/gcc/arm-none-eabi/10.2.1/thumb/v7-m/nofp/crtbegin.o
                0x08002224                PROVIDE (__init_array_end = .)
                0x08002224                . = ALIGN (0x4)

.fini_array     0x08002224        0x4
                0x08002224                . = ALIGN (0x4)
                0x08002224                PROVIDE (__fini_array_start = .)
 *(SORT_BY_NAME(.fini_array.*))
 *(.fini_array*)
 .fini_array    0x08002224        0x4 c:/gcc-arm-none-eabi-10-2020-q4-major/bin/../lib/gcc/arm-none-eabi/10.2.1/thumb/v7-m/nofp/crtbegin.o
                0x08002228                PROVIDE (__fini_array_end = .)
                0x08002228                . = ALIGN (0x4)
                0x08002228                _sidata = LOADADDR (.data)

.data           0x20000000      0x43c load address 0x08002228
                0x20000000                . = ALIGN (0x4)
                0x20000000                _sdata = .
 *(.data)
 *(.data*)
 .data.SystemCoreClock
                0x20000000        0x4 CMakeFiles/source.elf.dir/Core/Src/system_stm32f1xx.c.obj
                0x20000000                SystemCoreClock
 .data.uwTickFreq
                0x20000004        0x1 CMakeFiles/source.elf.dir/Drivers/STM32F1xx_HAL_Driver/Src/stm32f1xx_hal.c.obj
                0x20000004                uwTickFreq
 *fill*         0x20000005        0x3 
 .data.uwTickPrio
                0x20000008        0x4 CMakeFiles/source.elf.dir/Drivers/STM32F1xx_HAL_Driver/Src/stm32f1xx_hal.c.obj
                0x20000008                uwTickPrio
 *fill*         0x2000000c        0x4 
 .data.impure_data
                0x20000010      0x428 c:/gcc-arm-none-eabi-10-2020-q4-major/bin/../lib/gcc/arm-none-eabi/10.2.1/../../../../arm-none-eabi/lib/thumb/v7-m/nofp\libg.a(lib_a-impure.o)
 .data.__atexit_recursive_mutex
                0x20000438        0x4 c:/gcc-arm-none-eabi-10-2020-q4-major/bin/../lib/gcc/arm-none-eabi/10.2.1/../../../../arm-none-eabi/lib/thumb/v7-m/nofp\libg.a(lib_a-__call_atexit.o)
                0x20000438                __atexit_recursive_mutex
 *(.RamFunc)
 *(.RamFunc*)
                0x2000043c                . = ALIGN (0x4)
                0x2000043c                _edata = .

.igot.plt       0x2000043c        0x0 load address 0x08002664
 .igot.plt      0x2000043c        0x0 c:/gcc-arm-none-eabi-10-2020-q4-major/bin/../lib/gcc/arm-none-eabi/10.2.1/thumb/v7-m/nofp/crtbegin.o
                0x2000043c                . = ALIGN (0x4)

.bss            0x2000043c       0x9c load address 0x08002664
                0x2000043c                _sbss = .
                0x2000043c                __bss_start__ = _sbss
 *(.bss)
 .bss           0x2000043c       0x1c c:/gcc-arm-none-eabi-10-2020-q4-major/bin/../lib/gcc/arm-none-eabi/10.2.1/thumb/v7-m/nofp/crtbegin.o
 *(.bss*)
 .bss.hadc1     0x20000458       0x30 CMakeFiles/source.elf.dir/Core/Src/adc.c.obj
                0x20000458                hadc1
 .bss.htim1     0x20000488       0x48 CMakeFiles/source.elf.dir/Core/Src/tim.c.obj
                0x20000488                htim1
 .bss.uwTick    0x200004d0        0x4 CMakeFiles/source.elf.dir/Drivers/STM32F1xx_HAL_Driver/Src/stm32f1xx_hal.c.obj
                0x200004d0                uwTick
 .bss.__lock___atexit_recursive_mutex
                0x200004d4        0x1 c:/gcc-arm-none-eabi-10-2020-q4-major/bin/../lib/gcc/arm-none-eabi/10.2.1/../../../../arm-none-eabi/lib/thumb/v7-m/nofp\libg.a(lib_a-lock.o)
                0x200004d4                __lock___atexit_recursive_mutex
 *(COMMON)
                0x200004d8                . = ALIGN (0x4)
 *fill*         0x200004d5        0x3 
                0x200004d8                _ebss = .
                0x200004d8                __bss_end__ = _ebss

._user_heap_stack
                0x200004d8      0x600 load address 0x08002664
                0x200004d8                . = ALIGN (0x8)
                [!provide]                PROVIDE (end = .)
                0x200004d8                PROVIDE (_end = .)
                0x200006d8                . = (. + _Min_Heap_Size)
 *fill*         0x200004d8      0x200 
                0x20000ad8                . = (. + _Min_Stack_Size)
 *fill*         0x200006d8      0x400 
                0x20000ad8                . = ALIGN (0x8)

/DISCARD/
 libc.a(*)
 libm.a(*)
 libgcc.a(*)

.ARM.attributes
                0x00000000       0x29
 *(.ARM.attributes)
 .ARM.attributes
                0x00000000       0x1d c:/gcc-arm-none-eabi-10-2020-q4-major/bin/../lib/gcc/arm-none-eabi/10.2.1/thumb/v7-m/nofp/crti.o
 .ARM.attributes
                0x0000001d       0x2d c:/gcc-arm-none-eabi-10-2020-q4-major/bin/../lib/gcc/arm-none-eabi/10.2.1/thumb/v7-m/nofp/crtbegin.o
 .ARM.attributes
                0x0000004a       0x2d CMakeFiles/source.elf.dir/Core/Src/adc.c.obj
 .ARM.attributes
                0x00000077       0x2d CMakeFiles/source.elf.dir/Core/Src/gpio.c.obj
 .ARM.attributes
                0x000000a4       0x2d CMakeFiles/source.elf.dir/Core/Src/main.c.obj
 .ARM.attributes
                0x000000d1       0x2d CMakeFiles/source.elf.dir/Core/Src/stm32f1xx_hal_msp.c.obj
 .ARM.attributes
                0x000000fe       0x2d CMakeFiles/source.elf.dir/Core/Src/stm32f1xx_it.c.obj
 .ARM.attributes
                0x0000012b       0x2d CMakeFiles/source.elf.dir/Core/Src/system_stm32f1xx.c.obj
 .ARM.attributes
                0x00000158       0x2d CMakeFiles/source.elf.dir/Core/Src/tim.c.obj
 .ARM.attributes
                0x00000185       0x21 CMakeFiles/source.elf.dir/Core/Startup/startup_stm32f103c8tx.s.obj
 .ARM.attributes
                0x000001a6       0x2d CMakeFiles/source.elf.dir/Drivers/STM32F1xx_HAL_Driver/Src/stm32f1xx_hal.c.obj
 .ARM.attributes
                0x000001d3       0x2d CMakeFiles/source.elf.dir/Drivers/STM32F1xx_HAL_Driver/Src/stm32f1xx_hal_adc.c.obj
 .ARM.attributes
                0x00000200       0x2d CMakeFiles/source.elf.dir/Drivers/STM32F1xx_HAL_Driver/Src/stm32f1xx_hal_cortex.c.obj
 .ARM.attributes
                0x0000022d       0x2d CMakeFiles/source.elf.dir/Drivers/STM32F1xx_HAL_Driver/Src/stm32f1xx_hal_gpio.c.obj
 .ARM.attributes
                0x0000025a       0x2d CMakeFiles/source.elf.dir/Drivers/STM32F1xx_HAL_Driver/Src/stm32f1xx_hal_rcc.c.obj
 .ARM.attributes
                0x00000287       0x2d CMakeFiles/source.elf.dir/Drivers/STM32F1xx_HAL_Driver/Src/stm32f1xx_hal_rcc_ex.c.obj
 .ARM.attributes
                0x000002b4       0x2d CMakeFiles/source.elf.dir/Drivers/STM32F1xx_HAL_Driver/Src/stm32f1xx_hal_tim.c.obj
 .ARM.attributes
                0x000002e1       0x2d CMakeFiles/source.elf.dir/Drivers/STM32F1xx_HAL_Driver/Src/stm32f1xx_hal_tim_ex.c.obj
 .ARM.attributes
                0x0000030e       0x2d c:/gcc-arm-none-eabi-10-2020-q4-major/bin/../lib/gcc/arm-none-eabi/10.2.1/../../../../arm-none-eabi/lib/thumb/v7-m/nofp\libg.a(lib_a-impure.o)
 .ARM.attributes
                0x0000033b       0x2d c:/gcc-arm-none-eabi-10-2020-q4-major/bin/../lib/gcc/arm-none-eabi/10.2.1/../../../../arm-none-eabi/lib/thumb/v7-m/nofp\libg.a(lib_a-init.o)
 .ARM.attributes
                0x00000368       0x2d c:/gcc-arm-none-eabi-10-2020-q4-major/bin/../lib/gcc/arm-none-eabi/10.2.1/../../../../arm-none-eabi/lib/thumb/v7-m/nofp\libg.a(lib_a-memset.o)
 .ARM.attributes
                0x00000395       0x2d c:/gcc-arm-none-eabi-10-2020-q4-major/bin/../lib/gcc/arm-none-eabi/10.2.1/../../../../arm-none-eabi/lib/thumb/v7-m/nofp\libg.a(lib_a-__call_atexit.o)
 .ARM.attributes
                0x000003c2       0x2d c:/gcc-arm-none-eabi-10-2020-q4-major/bin/../lib/gcc/arm-none-eabi/10.2.1/../../../../arm-none-eabi/lib/thumb/v7-m/nofp\libg.a(lib_a-atexit.o)
 .ARM.attributes
                0x000003ef       0x2d c:/gcc-arm-none-eabi-10-2020-q4-major/bin/../lib/gcc/arm-none-eabi/10.2.1/../../../../arm-none-eabi/lib/thumb/v7-m/nofp\libg.a(lib_a-fini.o)
 .ARM.attributes
                0x0000041c       0x2d c:/gcc-arm-none-eabi-10-2020-q4-major/bin/../lib/gcc/arm-none-eabi/10.2.1/../../../../arm-none-eabi/lib/thumb/v7-m/nofp\libg.a(lib_a-lock.o)
 .ARM.attributes
                0x00000449       0x2d c:/gcc-arm-none-eabi-10-2020-q4-major/bin/../lib/gcc/arm-none-eabi/10.2.1/../../../../arm-none-eabi/lib/thumb/v7-m/nofp\libg.a(lib_a-__atexit.o)
 .ARM.attributes
                0x00000476       0x1d c:/gcc-arm-none-eabi-10-2020-q4-major/bin/../lib/gcc/arm-none-eabi/10.2.1/thumb/v7-m/nofp/crtn.o
OUTPUT(source.elf elf32-littlearm)
LOAD linker stubs
LOAD c:/gcc-arm-none-eabi-10-2020-q4-major/bin/../lib/gcc/arm-none-eabi/10.2.1/../../../../arm-none-eabi/lib/thumb/v7-m/nofp\libc.a
LOAD c:/gcc-arm-none-eabi-10-2020-q4-major/bin/../lib/gcc/arm-none-eabi/10.2.1/../../../../arm-none-eabi/lib/thumb/v7-m/nofp\libm.a
LOAD c:/gcc-arm-none-eabi-10-2020-q4-major/bin/../lib/gcc/arm-none-eabi/10.2.1/thumb/v7-m/nofp\libgcc.a

.debug_info     0x00000000     0xc425
 .debug_info    0x00000000      0x861 CMakeFiles/source.elf.dir/Core/Src/adc.c.obj
 .debug_info    0x00000861      0x313 CMakeFiles/source.elf.dir/Core/Src/gpio.c.obj
 .debug_info    0x00000b74      0xd8d CMakeFiles/source.elf.dir/Core/Src/main.c.obj
 .debug_info    0x00001901      0x211 CMakeFiles/source.elf.dir/Core/Src/stm32f1xx_hal_msp.c.obj
 .debug_info    0x00001b12      0x71f CMakeFiles/source.elf.dir/Core/Src/stm32f1xx_it.c.obj
 .debug_info    0x00002231      0x248 CMakeFiles/source.elf.dir/Core/Src/system_stm32f1xx.c.obj
 .debug_info    0x00002479      0xe19 CMakeFiles/source.elf.dir/Core/Src/tim.c.obj
 .debug_info    0x00003292       0x22 CMakeFiles/source.elf.dir/Core/Startup/startup_stm32f103c8tx.s.obj
 .debug_info    0x000032b4      0x7a8 CMakeFiles/source.elf.dir/Drivers/STM32F1xx_HAL_Driver/Src/stm32f1xx_hal.c.obj
 .debug_info    0x00003a5c      0xf3f CMakeFiles/source.elf.dir/Drivers/STM32F1xx_HAL_Driver/Src/stm32f1xx_hal_adc.c.obj
 .debug_info    0x0000499b      0xd8a CMakeFiles/source.elf.dir/Drivers/STM32F1xx_HAL_Driver/Src/stm32f1xx_hal_cortex.c.obj
 .debug_info    0x00005725      0x66f CMakeFiles/source.elf.dir/Drivers/STM32F1xx_HAL_Driver/Src/stm32f1xx_hal_gpio.c.obj
 .debug_info    0x00005d94      0xa3b CMakeFiles/source.elf.dir/Drivers/STM32F1xx_HAL_Driver/Src/stm32f1xx_hal_rcc.c.obj
 .debug_info    0x000067cf      0x449 CMakeFiles/source.elf.dir/Drivers/STM32F1xx_HAL_Driver/Src/stm32f1xx_hal_rcc_ex.c.obj
 .debug_info    0x00006c18     0x3d52 CMakeFiles/source.elf.dir/Drivers/STM32F1xx_HAL_Driver/Src/stm32f1xx_hal_tim.c.obj
 .debug_info    0x0000a96a     0x1abb CMakeFiles/source.elf.dir/Drivers/STM32F1xx_HAL_Driver/Src/stm32f1xx_hal_tim_ex.c.obj

.debug_abbrev   0x00000000     0x1cf2
 .debug_abbrev  0x00000000      0x1c1 CMakeFiles/source.elf.dir/Core/Src/adc.c.obj
 .debug_abbrev  0x000001c1      0x13c CMakeFiles/source.elf.dir/Core/Src/gpio.c.obj
 .debug_abbrev  0x000002fd      0x257 CMakeFiles/source.elf.dir/Core/Src/main.c.obj
 .debug_abbrev  0x00000554       0xe5 CMakeFiles/source.elf.dir/Core/Src/stm32f1xx_hal_msp.c.obj
 .debug_abbrev  0x00000639      0x179 CMakeFiles/source.elf.dir/Core/Src/stm32f1xx_it.c.obj
 .debug_abbrev  0x000007b2      0x13e CMakeFiles/source.elf.dir/Core/Src/system_stm32f1xx.c.obj
 .debug_abbrev  0x000008f0      0x200 CMakeFiles/source.elf.dir/Core/Src/tim.c.obj
 .debug_abbrev  0x00000af0       0x12 CMakeFiles/source.elf.dir/Core/Startup/startup_stm32f103c8tx.s.obj
 .debug_abbrev  0x00000b02      0x1f4 CMakeFiles/source.elf.dir/Drivers/STM32F1xx_HAL_Driver/Src/stm32f1xx_hal.c.obj
 .debug_abbrev  0x00000cf6      0x1fc CMakeFiles/source.elf.dir/Drivers/STM32F1xx_HAL_Driver/Src/stm32f1xx_hal_adc.c.obj
 .debug_abbrev  0x00000ef2      0x341 CMakeFiles/source.elf.dir/Drivers/STM32F1xx_HAL_Driver/Src/stm32f1xx_hal_cortex.c.obj
 .debug_abbrev  0x00001233      0x1e6 CMakeFiles/source.elf.dir/Drivers/STM32F1xx_HAL_Driver/Src/stm32f1xx_hal_gpio.c.obj
 .debug_abbrev  0x00001419      0x27a CMakeFiles/source.elf.dir/Drivers/STM32F1xx_HAL_Driver/Src/stm32f1xx_hal_rcc.c.obj
 .debug_abbrev  0x00001693      0x1d2 CMakeFiles/source.elf.dir/Drivers/STM32F1xx_HAL_Driver/Src/stm32f1xx_hal_rcc_ex.c.obj
 .debug_abbrev  0x00001865      0x245 CMakeFiles/source.elf.dir/Drivers/STM32F1xx_HAL_Driver/Src/stm32f1xx_hal_tim.c.obj
 .debug_abbrev  0x00001aaa      0x248 CMakeFiles/source.elf.dir/Drivers/STM32F1xx_HAL_Driver/Src/stm32f1xx_hal_tim_ex.c.obj

.debug_loc      0x00000000     0x9203
 .debug_loc     0x00000000       0x84 CMakeFiles/source.elf.dir/Core/Src/adc.c.obj
 .debug_loc     0x00000084       0x15 CMakeFiles/source.elf.dir/Core/Src/stm32f1xx_hal_msp.c.obj
 .debug_loc     0x00000099       0xff CMakeFiles/source.elf.dir/Core/Src/system_stm32f1xx.c.obj
 .debug_loc     0x00000198       0xa9 CMakeFiles/source.elf.dir/Core/Src/tim.c.obj
 .debug_loc     0x00000241      0x141 CMakeFiles/source.elf.dir/Drivers/STM32F1xx_HAL_Driver/Src/stm32f1xx_hal.c.obj
 .debug_loc     0x00000382      0xb03 CMakeFiles/source.elf.dir/Drivers/STM32F1xx_HAL_Driver/Src/stm32f1xx_hal_adc.c.obj
 .debug_loc     0x00000e85      0x71f CMakeFiles/source.elf.dir/Drivers/STM32F1xx_HAL_Driver/Src/stm32f1xx_hal_cortex.c.obj
 .debug_loc     0x000015a4      0x47d CMakeFiles/source.elf.dir/Drivers/STM32F1xx_HAL_Driver/Src/stm32f1xx_hal_gpio.c.obj
 .debug_loc     0x00001a21      0x618 CMakeFiles/source.elf.dir/Drivers/STM32F1xx_HAL_Driver/Src/stm32f1xx_hal_rcc.c.obj
 .debug_loc     0x00002039      0x43d CMakeFiles/source.elf.dir/Drivers/STM32F1xx_HAL_Driver/Src/stm32f1xx_hal_rcc_ex.c.obj
 .debug_loc     0x00002476     0x50fa CMakeFiles/source.elf.dir/Drivers/STM32F1xx_HAL_Driver/Src/stm32f1xx_hal_tim.c.obj
 .debug_loc     0x00007570     0x1c93 CMakeFiles/source.elf.dir/Drivers/STM32F1xx_HAL_Driver/Src/stm32f1xx_hal_tim_ex.c.obj

.debug_aranges  0x00000000      0xa50
 .debug_aranges
                0x00000000       0x30 CMakeFiles/source.elf.dir/Core/Src/adc.c.obj
 .debug_aranges
                0x00000030       0x20 CMakeFiles/source.elf.dir/Core/Src/gpio.c.obj
 .debug_aranges
                0x00000050       0x38 CMakeFiles/source.elf.dir/Core/Src/main.c.obj
 .debug_aranges
                0x00000088       0x20 CMakeFiles/source.elf.dir/Core/Src/stm32f1xx_hal_msp.c.obj
 .debug_aranges
                0x000000a8       0x70 CMakeFiles/source.elf.dir/Core/Src/stm32f1xx_it.c.obj
 .debug_aranges
                0x00000118       0x28 CMakeFiles/source.elf.dir/Core/Src/system_stm32f1xx.c.obj
 .debug_aranges
                0x00000140       0x38 CMakeFiles/source.elf.dir/Core/Src/tim.c.obj
 .debug_aranges
                0x00000178       0x28 CMakeFiles/source.elf.dir/Core/Startup/startup_stm32f103c8tx.s.obj
 .debug_aranges
                0x000001a0       0xe0 CMakeFiles/source.elf.dir/Drivers/STM32F1xx_HAL_Driver/Src/stm32f1xx_hal.c.obj
 .debug_aranges
                0x00000280       0xf0 CMakeFiles/source.elf.dir/Drivers/STM32F1xx_HAL_Driver/Src/stm32f1xx_hal_adc.c.obj
 .debug_aranges
                0x00000370       0x90 CMakeFiles/source.elf.dir/Drivers/STM32F1xx_HAL_Driver/Src/stm32f1xx_hal_cortex.c.obj
 .debug_aranges
                0x00000400       0x58 CMakeFiles/source.elf.dir/Drivers/STM32F1xx_HAL_Driver/Src/stm32f1xx_hal_gpio.c.obj
 .debug_aranges
                0x00000458       0x90 CMakeFiles/source.elf.dir/Drivers/STM32F1xx_HAL_Driver/Src/stm32f1xx_hal_rcc.c.obj
 .debug_aranges
                0x000004e8       0x30 CMakeFiles/source.elf.dir/Drivers/STM32F1xx_HAL_Driver/Src/stm32f1xx_hal_rcc_ex.c.obj
 .debug_aranges
                0x00000518      0x3d0 CMakeFiles/source.elf.dir/Drivers/STM32F1xx_HAL_Driver/Src/stm32f1xx_hal_tim.c.obj
 .debug_aranges
                0x000008e8      0x168 CMakeFiles/source.elf.dir/Drivers/STM32F1xx_HAL_Driver/Src/stm32f1xx_hal_tim_ex.c.obj

.debug_ranges   0x00000000      0xa08
 .debug_ranges  0x00000000       0x20 CMakeFiles/source.elf.dir/Core/Src/adc.c.obj
 .debug_ranges  0x00000020       0x10 CMakeFiles/source.elf.dir/Core/Src/gpio.c.obj
 .debug_ranges  0x00000030       0x40 CMakeFiles/source.elf.dir/Core/Src/main.c.obj
 .debug_ranges  0x00000070       0x10 CMakeFiles/source.elf.dir/Core/Src/stm32f1xx_hal_msp.c.obj
 .debug_ranges  0x00000080       0x60 CMakeFiles/source.elf.dir/Core/Src/stm32f1xx_it.c.obj
 .debug_ranges  0x000000e0       0x18 CMakeFiles/source.elf.dir/Core/Src/system_stm32f1xx.c.obj
 .debug_ranges  0x000000f8       0x28 CMakeFiles/source.elf.dir/Core/Src/tim.c.obj
 .debug_ranges  0x00000120       0x20 CMakeFiles/source.elf.dir/Core/Startup/startup_stm32f103c8tx.s.obj
 .debug_ranges  0x00000140       0xd0 CMakeFiles/source.elf.dir/Drivers/STM32F1xx_HAL_Driver/Src/stm32f1xx_hal.c.obj
 .debug_ranges  0x00000210       0xe0 CMakeFiles/source.elf.dir/Drivers/STM32F1xx_HAL_Driver/Src/stm32f1xx_hal_adc.c.obj
 .debug_ranges  0x000002f0       0xe0 CMakeFiles/source.elf.dir/Drivers/STM32F1xx_HAL_Driver/Src/stm32f1xx_hal_cortex.c.obj
 .debug_ranges  0x000003d0       0x48 CMakeFiles/source.elf.dir/Drivers/STM32F1xx_HAL_Driver/Src/stm32f1xx_hal_gpio.c.obj
 .debug_ranges  0x00000418       0xa0 CMakeFiles/source.elf.dir/Drivers/STM32F1xx_HAL_Driver/Src/stm32f1xx_hal_rcc.c.obj
 .debug_ranges  0x000004b8       0x38 CMakeFiles/source.elf.dir/Drivers/STM32F1xx_HAL_Driver/Src/stm32f1xx_hal_rcc_ex.c.obj
 .debug_ranges  0x000004f0      0x3c0 CMakeFiles/source.elf.dir/Drivers/STM32F1xx_HAL_Driver/Src/stm32f1xx_hal_tim.c.obj
 .debug_ranges  0x000008b0      0x158 CMakeFiles/source.elf.dir/Drivers/STM32F1xx_HAL_Driver/Src/stm32f1xx_hal_tim_ex.c.obj

.debug_line     0x00000000     0xaf90
 .debug_line    0x00000000      0x375 CMakeFiles/source.elf.dir/Core/Src/adc.c.obj
 .debug_line    0x00000375      0x223 CMakeFiles/source.elf.dir/Core/Src/gpio.c.obj
 .debug_line    0x00000598      0x47c CMakeFiles/source.elf.dir/Core/Src/main.c.obj
 .debug_line    0x00000a14      0x19d CMakeFiles/source.elf.dir/Core/Src/stm32f1xx_hal_msp.c.obj
 .debug_line    0x00000bb1      0x34f CMakeFiles/source.elf.dir/Core/Src/stm32f1xx_it.c.obj
 .debug_line    0x00000f00      0x266 CMakeFiles/source.elf.dir/Core/Src/system_stm32f1xx.c.obj
 .debug_line    0x00001166      0x4af CMakeFiles/source.elf.dir/Core/Src/tim.c.obj
 .debug_line    0x00001615       0xae CMakeFiles/source.elf.dir/Core/Startup/startup_stm32f103c8tx.s.obj
 .debug_line    0x000016c3      0x5a4 CMakeFiles/source.elf.dir/Drivers/STM32F1xx_HAL_Driver/Src/stm32f1xx_hal.c.obj
 .debug_line    0x00001c67      0xf38 CMakeFiles/source.elf.dir/Drivers/STM32F1xx_HAL_Driver/Src/stm32f1xx_hal_adc.c.obj
 .debug_line    0x00002b9f      0x684 CMakeFiles/source.elf.dir/Drivers/STM32F1xx_HAL_Driver/Src/stm32f1xx_hal_cortex.c.obj
 .debug_line    0x00003223      0x62c CMakeFiles/source.elf.dir/Drivers/STM32F1xx_HAL_Driver/Src/stm32f1xx_hal_gpio.c.obj
 .debug_line    0x0000384f      0xc69 CMakeFiles/source.elf.dir/Drivers/STM32F1xx_HAL_Driver/Src/stm32f1xx_hal_rcc.c.obj
 .debug_line    0x000044b8      0x4de CMakeFiles/source.elf.dir/Drivers/STM32F1xx_HAL_Driver/Src/stm32f1xx_hal_rcc_ex.c.obj
 .debug_line    0x00004996     0x49c1 CMakeFiles/source.elf.dir/Drivers/STM32F1xx_HAL_Driver/Src/stm32f1xx_hal_tim.c.obj
 .debug_line    0x00009357     0x1c39 CMakeFiles/source.elf.dir/Drivers/STM32F1xx_HAL_Driver/Src/stm32f1xx_hal_tim_ex.c.obj

.debug_str      0x00000000     0x34c8
 .debug_str     0x00000000      0x5e2 CMakeFiles/source.elf.dir/Core/Src/adc.c.obj
                                0x66d (size before relaxing)
 .debug_str     0x000005e2       0x76 CMakeFiles/source.elf.dir/Core/Src/gpio.c.obj
                                0x2cb (size before relaxing)
 .debug_str     0x00000658      0x591 CMakeFiles/source.elf.dir/Core/Src/main.c.obj
                                0xb0d (size before relaxing)
 .debug_str     0x00000be9       0x82 CMakeFiles/source.elf.dir/Core/Src/stm32f1xx_hal_msp.c.obj
                                0x26d (size before relaxing)
 .debug_str     0x00000c6b      0x118 CMakeFiles/source.elf.dir/Core/Src/stm32f1xx_it.c.obj
                                0x777 (size before relaxing)
 .debug_str     0x00000d83       0xb0 CMakeFiles/source.elf.dir/Core/Src/system_stm32f1xx.c.obj
                                0x2a2 (size before relaxing)
 .debug_str     0x00000e33      0x5d5 CMakeFiles/source.elf.dir/Core/Src/tim.c.obj
                                0xd4d (size before relaxing)
 .debug_str     0x00001408       0x5e CMakeFiles/source.elf.dir/Core/Startup/startup_stm32f103c8tx.s.obj
                                 0x9b (size before relaxing)
 .debug_str     0x00001466      0x336 CMakeFiles/source.elf.dir/Drivers/STM32F1xx_HAL_Driver/Src/stm32f1xx_hal.c.obj
                                0x872 (size before relaxing)
 .debug_str     0x0000179c      0x336 CMakeFiles/source.elf.dir/Drivers/STM32F1xx_HAL_Driver/Src/stm32f1xx_hal_adc.c.obj
                                0x928 (size before relaxing)
 .debug_str     0x00001ad2      0x3c6 CMakeFiles/source.elf.dir/Drivers/STM32F1xx_HAL_Driver/Src/stm32f1xx_hal_cortex.c.obj
                                0x921 (size before relaxing)
 .debug_str     0x00001e98      0x131 CMakeFiles/source.elf.dir/Drivers/STM32F1xx_HAL_Driver/Src/stm32f1xx_hal_gpio.c.obj
                                0x44e (size before relaxing)
 .debug_str     0x00001fc9      0x20d CMakeFiles/source.elf.dir/Drivers/STM32F1xx_HAL_Driver/Src/stm32f1xx_hal_rcc.c.obj
                                0x679 (size before relaxing)
 .debug_str     0x000021d6       0xac CMakeFiles/source.elf.dir/Drivers/STM32F1xx_HAL_Driver/Src/stm32f1xx_hal_rcc_ex.c.obj
                                0x421 (size before relaxing)
 .debug_str     0x00002282      0xdac CMakeFiles/source.elf.dir/Drivers/STM32F1xx_HAL_Driver/Src/stm32f1xx_hal_tim.c.obj
                               0x168d (size before relaxing)
 .debug_str     0x0000302e      0x49a CMakeFiles/source.elf.dir/Drivers/STM32F1xx_HAL_Driver/Src/stm32f1xx_hal_tim_ex.c.obj
                                0xe8e (size before relaxing)

.comment        0x00000000       0x4d
 .comment       0x00000000       0x4d CMakeFiles/source.elf.dir/Core/Src/adc.c.obj
                                 0x4e (size before relaxing)
 .comment       0x0000004d       0x4e CMakeFiles/source.elf.dir/Core/Src/gpio.c.obj
 .comment       0x0000004d       0x4e CMakeFiles/source.elf.dir/Core/Src/main.c.obj
 .comment       0x0000004d       0x4e CMakeFiles/source.elf.dir/Core/Src/stm32f1xx_hal_msp.c.obj
 .comment       0x0000004d       0x4e CMakeFiles/source.elf.dir/Core/Src/stm32f1xx_it.c.obj
 .comment       0x0000004d       0x4e CMakeFiles/source.elf.dir/Core/Src/system_stm32f1xx.c.obj
 .comment       0x0000004d       0x4e CMakeFiles/source.elf.dir/Core/Src/tim.c.obj
 .comment       0x0000004d       0x4e CMakeFiles/source.elf.dir/Drivers/STM32F1xx_HAL_Driver/Src/stm32f1xx_hal.c.obj
 .comment       0x0000004d       0x4e CMakeFiles/source.elf.dir/Drivers/STM32F1xx_HAL_Driver/Src/stm32f1xx_hal_adc.c.obj
 .comment       0x0000004d       0x4e CMakeFiles/source.elf.dir/Drivers/STM32F1xx_HAL_Driver/Src/stm32f1xx_hal_cortex.c.obj
 .comment       0x0000004d       0x4e CMakeFiles/source.elf.dir/Drivers/STM32F1xx_HAL_Driver/Src/stm32f1xx_hal_gpio.c.obj
 .comment       0x0000004d       0x4e CMakeFiles/source.elf.dir/Drivers/STM32F1xx_HAL_Driver/Src/stm32f1xx_hal_rcc.c.obj
 .comment       0x0000004d       0x4e CMakeFiles/source.elf.dir/Drivers/STM32F1xx_HAL_Driver/Src/stm32f1xx_hal_rcc_ex.c.obj
 .comment       0x0000004d       0x4e CMakeFiles/source.elf.dir/Drivers/STM32F1xx_HAL_Driver/Src/stm32f1xx_hal_tim.c.obj
 .comment       0x0000004d       0x4e CMakeFiles/source.elf.dir/Drivers/STM32F1xx_HAL_Driver/Src/stm32f1xx_hal_tim_ex.c.obj

.debug_frame    0x00000000     0x1c38
 .debug_frame   0x00000000       0x68 CMakeFiles/source.elf.dir/Core/Src/adc.c.obj
 .debug_frame   0x00000068       0x30 CMakeFiles/source.elf.dir/Core/Src/gpio.c.obj
 .debug_frame   0x00000098       0x68 CMakeFiles/source.elf.dir/Core/Src/main.c.obj
 .debug_frame   0x00000100       0x28 CMakeFiles/source.elf.dir/Core/Src/stm32f1xx_hal_msp.c.obj
 .debug_frame   0x00000128       0xd8 CMakeFiles/source.elf.dir/Core/Src/stm32f1xx_it.c.obj
 .debug_frame   0x00000200       0x30 CMakeFiles/source.elf.dir/Core/Src/system_stm32f1xx.c.obj
 .debug_frame   0x00000230       0x88 CMakeFiles/source.elf.dir/Core/Src/tim.c.obj
 .debug_frame   0x000002b8      0x1cc CMakeFiles/source.elf.dir/Drivers/STM32F1xx_HAL_Driver/Src/stm32f1xx_hal.c.obj
 .debug_frame   0x00000484      0x2c8 CMakeFiles/source.elf.dir/Drivers/STM32F1xx_HAL_Driver/Src/stm32f1xx_hal_adc.c.obj
 .debug_frame   0x0000074c      0x118 CMakeFiles/source.elf.dir/Drivers/STM32F1xx_HAL_Driver/Src/stm32f1xx_hal_cortex.c.obj
 .debug_frame   0x00000864       0xe4 CMakeFiles/source.elf.dir/Drivers/STM32F1xx_HAL_Driver/Src/stm32f1xx_hal_gpio.c.obj
 .debug_frame   0x00000948      0x184 CMakeFiles/source.elf.dir/Drivers/STM32F1xx_HAL_Driver/Src/stm32f1xx_hal_rcc.c.obj
 .debug_frame   0x00000acc       0x5c CMakeFiles/source.elf.dir/Drivers/STM32F1xx_HAL_Driver/Src/stm32f1xx_hal_rcc_ex.c.obj
 .debug_frame   0x00000b28      0xb18 CMakeFiles/source.elf.dir/Drivers/STM32F1xx_HAL_Driver/Src/stm32f1xx_hal_tim.c.obj
 .debug_frame   0x00001640      0x40c CMakeFiles/source.elf.dir/Drivers/STM32F1xx_HAL_Driver/Src/stm32f1xx_hal_tim_ex.c.obj
 .debug_frame   0x00001a4c       0x2c c:/gcc-arm-none-eabi-10-2020-q4-major/bin/../lib/gcc/arm-none-eabi/10.2.1/../../../../arm-none-eabi/lib/thumb/v7-m/nofp\libg.a(lib_a-init.o)
 .debug_frame   0x00001a78       0x2c c:/gcc-arm-none-eabi-10-2020-q4-major/bin/../lib/gcc/arm-none-eabi/10.2.1/../../../../arm-none-eabi/lib/thumb/v7-m/nofp\libg.a(lib_a-memset.o)
 .debug_frame   0x00001aa4       0x5c c:/gcc-arm-none-eabi-10-2020-q4-major/bin/../lib/gcc/arm-none-eabi/10.2.1/../../../../arm-none-eabi/lib/thumb/v7-m/nofp\libg.a(lib_a-__call_atexit.o)
 .debug_frame   0x00001b00       0x20 c:/gcc-arm-none-eabi-10-2020-q4-major/bin/../lib/gcc/arm-none-eabi/10.2.1/../../../../arm-none-eabi/lib/thumb/v7-m/nofp\libg.a(lib_a-atexit.o)
 .debug_frame   0x00001b20       0x34 c:/gcc-arm-none-eabi-10-2020-q4-major/bin/../lib/gcc/arm-none-eabi/10.2.1/../../../../arm-none-eabi/lib/thumb/v7-m/nofp\libg.a(lib_a-fini.o)
 .debug_frame   0x00001b54       0xb0 c:/gcc-arm-none-eabi-10-2020-q4-major/bin/../lib/gcc/arm-none-eabi/10.2.1/../../../../arm-none-eabi/lib/thumb/v7-m/nofp\libg.a(lib_a-lock.o)
 .debug_frame   0x00001c04       0x34 c:/gcc-arm-none-eabi-10-2020-q4-major/bin/../lib/gcc/arm-none-eabi/10.2.1/../../../../arm-none-eabi/lib/thumb/v7-m/nofp\libg.a(lib_a-__atexit.o)
